******************************************************************************
                  TI ARM Linker PC v18.1.2                     
******************************************************************************
>> Linked Fri Aug 31 12:35:47 2018

OUTPUT FILE NAME:   <Leds.out>
ENTRY POINT SYMBOL: "_c_int00"  address: 00005478


MEMORY CONFIGURATION

         name            origin    length      used     unused   attr    fill
----------------------  --------  ---------  --------  --------  ----  --------
  VECTORS               00000000   00000020  00000020  00000000     X
  FLASH0                00000020   0017ffe0  00005ff0  00179ff0  R  X
  FLASH1                00180000   00180000  00000000  00180000  R  X
  STACKS                08000000   00001500  00000000  00001500  RW  
  RAM                   08001500   0003eb00  00000000  0003eb00  RW  


SEGMENT ALLOCATION MAP

run origin  load origin   length   init length attrs members
----------  ----------- ---------- ----------- ----- -------
00000000    00000000    00006010   00006010    r-x
  00000000    00000000    00000020   00000020    r-x .intvecs
  00000020    00000020    00005e70   00005e70    r-x .text
  00005e90    00005e90    00000180   00000180    r-- .const


SECTION ALLOCATION MAP

 output                                  attributes/
section   page    origin      length       input sections
--------  ----  ----------  ----------   ----------------
.intvecs   0    00000000    00000020     
                  00000000    00000020     sys_intvecs.obj (.intvecs)

.text      0    00000020    00005e70     
                  00000020    00002cdc     sys_selftest.obj (.text)
                  00002cfc    00000b28     system.obj (.text)
                  00003824    00000898     sys_vim.obj (.text)
                  000040bc    00000630     pinmux.obj (.text)
                  000046ec    000005bc     esm.obj (.text)
                  00004ca8    00000484     gio.obj (.text)
                  0000512c    0000034c     sys_core.obj (.text)
                  00005478    00000298     sys_startup.obj (.text:retain)
                  00005710    00000290     sys_vim.obj (.text:retain)
                  000059a0    00000148     sys_main.obj (.text)
                  00005ae8    00000114     esm.obj (.text:retain)
                  00005bfc    000000e8     dabort.obj (.text)
                  00005ce4    000000e0     sys_pmu.obj (.text)
                  00005dc4    00000080     notification.obj (.text)
                  00005e44    00000044     rtsv7R4_T_be_v3D16_eabi.lib : autoinit.c.obj (.text:__TI_auto_init_nobinit_nopinit:__TI_auto_init_nobinit_nopinit)
                  00005e88    00000004                                 : exit.c.obj (.text:abort:abort)
                  00005e8c    00000004     sys_phantom.obj (.text:retain)

.const     0    00005e90    00000180     
                  00005e90    00000180     sys_vim.obj (.const:s_vim_init)

.cinit     0    00000020    00000000     UNINITIALIZED

MODULE SUMMARY

       Module             code    ro data   rw data
       ------             ----    -------   -------
    .\source\
       sys_selftest.obj   11484   0         0      
       sys_vim.obj        2856    384       0      
       system.obj         2856    0         0      
       esm.obj            1744    0         0      
       pinmux.obj         1584    0         0      
       gio.obj            1156    0         0      
       sys_core.obj       844     0         0      
       sys_startup.obj    664     0         0      
       sys_main.obj       328     0         0      
       dabort.obj         232     0         0      
       sys_pmu.obj        224     0         0      
       notification.obj   128     0         0      
       sys_intvecs.obj    32      0         0      
       sys_phantom.obj    4       0         0      
    +--+------------------+-------+---------+---------+
       Total:             24136   384       0      
                                                   
    C:/ti/ccsv8/tools/compiler/ti-cgt-arm_18.1.2.LTS/lib/rtsv7R4_T_be_v3D16_eabi.lib
       autoinit.c.obj     68      0         0      
       exit.c.obj         4       0         0      
    +--+------------------+-------+---------+---------+
       Total:             72      0         0      
                                                   
    +--+------------------+-------+---------+---------+
       Grand Total:       24208   384       0      


GLOBAL SYMBOLS: SORTED ALPHABETICALLY BY Name 

address   name                                
-------   ----                                
00005e89  C$$EXIT                             
UNDEFED   SHT$$INIT_ARRAY$$Base               
UNDEFED   SHT$$INIT_ARRAY$$Limit              
UNDEFED   __TI_CINIT_Base                     
UNDEFED   __TI_CINIT_Limit                    
UNDEFED   __TI_Handler_Table_Base             
UNDEFED   __TI_Handler_Table_Limit            
00005470  __TI_PINIT_Base                     
00005474  __TI_PINIT_Limit                    
00005e45  __TI_auto_init_nobinit_nopinit      
ffffffff  __TI_pprof_out_hndl                 
ffffffff  __TI_prof_data_size                 
ffffffff  __TI_prof_data_start                
00000000  __TI_static_base__                  
ffffffff  __binit__                           
ffffffff  __c_args__                          
00005478  _c_int00                            
00005388  _coreClearAuxiliaryDataFault_       
0000539c  _coreClearAuxiliaryInstructionFault_
00005360  _coreClearDataFaultAddress_         
00005338  _coreClearDataFault_                
00005374  _coreClearInstructionFaultAddress_  
0000534c  _coreClearInstructionFault_         
000052cc  _coreDisableEventBusExport_         
00005310  _coreDisableFlashEcc_               
000052ec  _coreDisableRamEcc_                 
000052bc  _coreEnableEventBusExport_          
000052fc  _coreEnableFlashEcc_                
00005320  _coreEnableIrqVicOffset_            
000052dc  _coreEnableRamEcc_                  
000052a4  _coreEnableVfp_                     
00005380  _coreGetAuxiliaryDataFault_         
00005394  _coreGetAuxiliaryInstructionFault_  
00005358  _coreGetDataFaultAddress_           
00005330  _coreGetDataFault_                  
0000536c  _coreGetInstructionFaultAddress_    
00005344  _coreGetInstructionFault_           
0000512c  _coreInitRegisters_                 
00005238  _coreInitStackPointer_              
00005bfc  _dabort                             
000053b0  _disable_FIQ_interrupt_             
000053b8  _disable_IRQ_interrupt_             
000053a8  _disable_interrupt_                 
000053c0  _enable_interrupt_                  
00005450  _errata_CORTEXR4_57_                
00005460  _errata_CORTEXR4_66_                
000053c8  _esmCcmErrorsClear_                 
00005284  _getCPSRValue_                      
0000528c  _gotoCPUIdle_                       
00005d40  _pmuDisableCountersGlobal_          
00005d30  _pmuEnableCountersGlobal_           
00005d9c  _pmuGetCycleCount_                  
00005da4  _pmuGetEventCount_                  
00005db0  _pmuGetOverflow_                    
00005ce4  _pmuInit_                           
00005d70  _pmuResetCounters_                  
00005d50  _pmuResetCycleCounter_              
00005d60  _pmuResetEventCounters_             
00005d90  _pmuSetCountEvent_                  
00005d80  _pmuStartCounters_                  
00005d88  _pmuStopCounters_                   
UNDEFED   _system_post_cinit                  
00005e89  abort                               
0000126c  adc1ParityCheck                     
00001358  adc2ParityCheck                     
ffffffff  binit                               
00001410  can1ParityCheck                     
000014e8  can2ParityCheck                     
000015b0  can3ParityCheck                     
00000030  ccmSelfCheck                        
000026fc  ccmr4GetConfigValue                 
00000938  checkB0RAMECC                       
00000b28  checkB1RAMECC                       
00001c18  checkClockMonitor                   
00000d18  checkFlashECC                       
00001cf4  checkFlashEEPROMECC                 
00001e8c  checkPLL1Slip                       
00001f8c  checkPLL2Slip                       
00002050  checkRAMAddrParity                  
000019d0  checkRAMECC                         
0000215c  checkRAMUERRTest                    
000007bc  checkefcSelfTest                    
00000234  cpuSelfTest                         
00000dfc  cpuSelfTestFail                     
00000df4  custom_dabort                       
00002b58  disableParity                       
00005e30  dmaGroupANotification               
00000eac  dmaParityCheck                      
00000660  efcCheck                            
00002660  efcGetConfigValue                   
00000794  efcSelfTest                         
000006e8  efcStuckZeroTest                    
00002ad0  enableParity                        
0000276c  errata_PBIST_4                      
00004870  esmActivateNormalOperation          
00004944  esmClearStatus                      
00004984  esmClearStatusBuffer                
00004838  esmDisableError                     
000048a8  esmDisableInterrupt                 
00004810  esmEnableError                      
00004880  esmEnableInterrupt                  
00004a7c  esmEnterSelfTest                    
000047f4  esmError                            
00004b54  esmGetConfigValue                   
000049c0  esmGetStatus                        
00004a44  esmGetStatusBuffer                  
00005dc4  esmGroup1Notification               
00005dd4  esmGroup2Notification               
00005ae8  esmHighInterrupt                    
000046ec  esmInit                             
00004b04  esmSelfTestStatus                   
000049a0  esmSetCounterPreloadValue           
000048d0  esmSetInterruptLevel                
00004860  esmTriggerErrorPinReset             
000022c4  fmcBus1ParityCheck                  
0000085c  fmcBus2Check                        
00000898  fmcECCcheck                         
00004f08  gioDisableNotification              
00004ea0  gioEnableNotification               
00004e08  gioGetBit                           
00004f70  gioGetConfigValue                   
00004e30  gioGetPort                          
00004ca8  gioInit                             
00005e1c  gioNotification                     
00004d98  gioSetBit                           
00004d78  gioSetDirection                     
00004de8  gioSetPort                          
00004e48  gioToggleBit                        
00000f58  het1ParityCheck                     
000010c0  het2ParityCheck                     
00001004  htu1ParityCheck                     
000011bc  htu2ParityCheck                     
000059a0  main                                
00002e38  mapClocks                           
00000174  memoryInit                          
00005de4  memoryPort0TestFailNotification     
00005e00  memoryPort1TestFailNotification     
00001684  mibspi1ParityCheck                  
0000178c  mibspi3ParityCheck                  
000018b0  mibspi5ParityCheck                  
000040bc  muxInit                             
000023ec  pbistFail                           
00002470  pbistGetConfigValue                 
000005a8  pbistIsTestCompleted                
000005d4  pbistIsTestPassed                   
00000608  pbistPortTestStatus                 
000004ac  pbistRun                            
000002cc  pbistSelfCheck                      
00000578  pbistStop                           
00002de4  periphInit                          
00005e8c  phantomInterrupt                    
00004440  pinmuxGetConfigValue                
00000000  resetEntry                          
00000020  selftestFailNotification            
00002da4  setupFlash                          
00002cfc  setupPLL                            
0000361c  sramGetConfigValue                  
000025bc  stcGetConfigValue                   
000001b8  stcSelfCheck                        
00000df8  stcSelfCheckFail                    
0000305c  systemGetConfigValue                
00002f60  systemInit                          
0000302c  systemPowerDown                     
00003470  tcmflashGetConfigValue              
00002d5c  trimLPO                             
000038f8  vimChannelMap                       
00003af4  vimDisableInterrupt                 
0000399c  vimEnableInterrupt                  
00003b78  vimGetConfigValue                   
00003824  vimInit                             
00000e00  vimParityCheck                      
00005710  vimParityErrorHandler               


GLOBAL SYMBOLS: SORTED BY Symbol Address 

address   name                                
-------   ----                                
00000000  __TI_static_base__                  
00000000  resetEntry                          
00000020  selftestFailNotification            
00000030  ccmSelfCheck                        
00000174  memoryInit                          
000001b8  stcSelfCheck                        
00000234  cpuSelfTest                         
000002cc  pbistSelfCheck                      
000004ac  pbistRun                            
00000578  pbistStop                           
000005a8  pbistIsTestCompleted                
000005d4  pbistIsTestPassed                   
00000608  pbistPortTestStatus                 
00000660  efcCheck                            
000006e8  efcStuckZeroTest                    
00000794  efcSelfTest                         
000007bc  checkefcSelfTest                    
0000085c  fmcBus2Check                        
00000898  fmcECCcheck                         
00000938  checkB0RAMECC                       
00000b28  checkB1RAMECC                       
00000d18  checkFlashECC                       
00000df4  custom_dabort                       
00000df8  stcSelfCheckFail                    
00000dfc  cpuSelfTestFail                     
00000e00  vimParityCheck                      
00000eac  dmaParityCheck                      
00000f58  het1ParityCheck                     
00001004  htu1ParityCheck                     
000010c0  het2ParityCheck                     
000011bc  htu2ParityCheck                     
0000126c  adc1ParityCheck                     
00001358  adc2ParityCheck                     
00001410  can1ParityCheck                     
000014e8  can2ParityCheck                     
000015b0  can3ParityCheck                     
00001684  mibspi1ParityCheck                  
0000178c  mibspi3ParityCheck                  
000018b0  mibspi5ParityCheck                  
000019d0  checkRAMECC                         
00001c18  checkClockMonitor                   
00001cf4  checkFlashEEPROMECC                 
00001e8c  checkPLL1Slip                       
00001f8c  checkPLL2Slip                       
00002050  checkRAMAddrParity                  
0000215c  checkRAMUERRTest                    
000022c4  fmcBus1ParityCheck                  
000023ec  pbistFail                           
00002470  pbistGetConfigValue                 
000025bc  stcGetConfigValue                   
00002660  efcGetConfigValue                   
000026fc  ccmr4GetConfigValue                 
0000276c  errata_PBIST_4                      
00002ad0  enableParity                        
00002b58  disableParity                       
00002cfc  setupPLL                            
00002d5c  trimLPO                             
00002da4  setupFlash                          
00002de4  periphInit                          
00002e38  mapClocks                           
00002f60  systemInit                          
0000302c  systemPowerDown                     
0000305c  systemGetConfigValue                
00003470  tcmflashGetConfigValue              
0000361c  sramGetConfigValue                  
00003824  vimInit                             
000038f8  vimChannelMap                       
0000399c  vimEnableInterrupt                  
00003af4  vimDisableInterrupt                 
00003b78  vimGetConfigValue                   
000040bc  muxInit                             
00004440  pinmuxGetConfigValue                
000046ec  esmInit                             
000047f4  esmError                            
00004810  esmEnableError                      
00004838  esmDisableError                     
00004860  esmTriggerErrorPinReset             
00004870  esmActivateNormalOperation          
00004880  esmEnableInterrupt                  
000048a8  esmDisableInterrupt                 
000048d0  esmSetInterruptLevel                
00004944  esmClearStatus                      
00004984  esmClearStatusBuffer                
000049a0  esmSetCounterPreloadValue           
000049c0  esmGetStatus                        
00004a44  esmGetStatusBuffer                  
00004a7c  esmEnterSelfTest                    
00004b04  esmSelfTestStatus                   
00004b54  esmGetConfigValue                   
00004ca8  gioInit                             
00004d78  gioSetDirection                     
00004d98  gioSetBit                           
00004de8  gioSetPort                          
00004e08  gioGetBit                           
00004e30  gioGetPort                          
00004e48  gioToggleBit                        
00004ea0  gioEnableNotification               
00004f08  gioDisableNotification              
00004f70  gioGetConfigValue                   
0000512c  _coreInitRegisters_                 
00005238  _coreInitStackPointer_              
00005284  _getCPSRValue_                      
0000528c  _gotoCPUIdle_                       
000052a4  _coreEnableVfp_                     
000052bc  _coreEnableEventBusExport_          
000052cc  _coreDisableEventBusExport_         
000052dc  _coreEnableRamEcc_                  
000052ec  _coreDisableRamEcc_                 
000052fc  _coreEnableFlashEcc_                
00005310  _coreDisableFlashEcc_               
00005320  _coreEnableIrqVicOffset_            
00005330  _coreGetDataFault_                  
00005338  _coreClearDataFault_                
00005344  _coreGetInstructionFault_           
0000534c  _coreClearInstructionFault_         
00005358  _coreGetDataFaultAddress_           
00005360  _coreClearDataFaultAddress_         
0000536c  _coreGetInstructionFaultAddress_    
00005374  _coreClearInstructionFaultAddress_  
00005380  _coreGetAuxiliaryDataFault_         
00005388  _coreClearAuxiliaryDataFault_       
00005394  _coreGetAuxiliaryInstructionFault_  
0000539c  _coreClearAuxiliaryInstructionFault_
000053a8  _disable_interrupt_                 
000053b0  _disable_FIQ_interrupt_             
000053b8  _disable_IRQ_interrupt_             
000053c0  _enable_interrupt_                  
000053c8  _esmCcmErrorsClear_                 
00005450  _errata_CORTEXR4_57_                
00005460  _errata_CORTEXR4_66_                
00005470  __TI_PINIT_Base                     
00005474  __TI_PINIT_Limit                    
00005478  _c_int00                            
00005710  vimParityErrorHandler               
000059a0  main                                
00005ae8  esmHighInterrupt                    
00005bfc  _dabort                             
00005ce4  _pmuInit_                           
00005d30  _pmuEnableCountersGlobal_           
00005d40  _pmuDisableCountersGlobal_          
00005d50  _pmuResetCycleCounter_              
00005d60  _pmuResetEventCounters_             
00005d70  _pmuResetCounters_                  
00005d80  _pmuStartCounters_                  
00005d88  _pmuStopCounters_                   
00005d90  _pmuSetCountEvent_                  
00005d9c  _pmuGetCycleCount_                  
00005da4  _pmuGetEventCount_                  
00005db0  _pmuGetOverflow_                    
00005dc4  esmGroup1Notification               
00005dd4  esmGroup2Notification               
00005de4  memoryPort0TestFailNotification     
00005e00  memoryPort1TestFailNotification     
00005e1c  gioNotification                     
00005e30  dmaGroupANotification               
00005e45  __TI_auto_init_nobinit_nopinit      
00005e89  C$$EXIT                             
00005e89  abort                               
00005e8c  phantomInterrupt                    
ffffffff  __TI_pprof_out_hndl                 
ffffffff  __TI_prof_data_size                 
ffffffff  __TI_prof_data_start                
ffffffff  __binit__                           
ffffffff  __c_args__                          
ffffffff  binit                               
UNDEFED   SHT$$INIT_ARRAY$$Base               
UNDEFED   SHT$$INIT_ARRAY$$Limit              
UNDEFED   __TI_CINIT_Base                     
UNDEFED   __TI_CINIT_Limit                    
UNDEFED   __TI_Handler_Table_Base             
UNDEFED   __TI_Handler_Table_Limit            
UNDEFED   _system_post_cinit                  

[172 symbols]
